
Administrator@kim-thi MINGW64 /
$ git init --bare CentralRepo
Initialized empty Git repository in C:/Program Files/Git/CentralRepo/

Administrator@kim-thi MINGW64 /
$ git clone https://github.com/kimthi03/44_Le_Thi_kim_Thi_bai_tap.git
Cloning into '44_Le_Thi_kim_Thi_bai_tap'...
warning: You appear to have cloned an empty repository.

Administrator@kim-thi MINGW64 /
$ cd 44_Le_Thi_kim_Thi_bai_tap

Administrator@kim-thi MINGW64 /44_Le_Thi_kim_Thi_bai_tap (main)
$ git status
On branch main

No commits yet

nothing to commit (create/copy files and use "git add" to track)

Administrator@kim-thi MINGW64 /44_Le_Thi_kim_Thi_bai_tap (main)
$ echo "Lorem ipsum dolor sit amet, consectetur adipiscing elit. Integer efficitur, eros at
lacinia suscipit, magna turpis aliquam est, sit amet aliquam quam libero id mi. Ut
vel placerat risus. Sed tempor in ex vitae sodales. Donec et tempor orci. In
pharetra viverra sagittis. Vestibulum risus ante, molestie ac eros efficitur, bibendum
tincidunt turpis. In sit amet tortor gravida, ultricies ante vitae, varius tortor.
Aliquam finibus porta nulla sed gravida. Aliquam ultricies dapibus ante eget
molestie. In hac habitasse platea dictumst. Aliquam aliquam enim at massa
pharetra, et vestibulum sapien consequat. Donec accumsan quis metus at
pellentesque. Morbi quis felis placerat, interdum justo a, aliquam risus." >> readme.md

Administrator@kim-thi MINGW64 /44_Le_Thi_kim_Thi_bai_tap (main)
$ git add .
warning: in the working copy of 'readme.md', LF will be replaced by CRLF the next time Git touches it

Administrator@kim-thi MINGW64 /44_Le_Thi_kim_Thi_bai_tap (main)
$ git add readme.md

Administrator@kim-thi MINGW64 /44_Le_Thi_kim_Thi_bai_tap (main)
$ git commit -m "chinh sua noi dung"
[main (root-commit) 234d053] chinh sua noi dung
 1 file changed, 9 insertions(+)
 create mode 100644 readme.md

Administrator@kim-thi MINGW64 /44_Le_Thi_kim_Thi_bai_tap (main)
$ git push origin
Enumerating objects: 3, done.
Counting objects: 100% (3/3), done.
Delta compression using up to 8 threads
Compressing objects: 100% (2/2), done.
Writing objects: 100% (3/3), 597 bytes | 298.00 KiB/s, done.
Total 3 (delta 0), reused 0 (delta 0), pack-reused 0 (from 0)
To https://github.com/kimthi03/44_Le_Thi_kim_Thi_bai_tap.git
 * [new branch]      main -> main

Administrator@kim-thi MINGW64 /44_Le_Thi_kim_Thi_bai_tap (main)
$ git status
On branch main
Your branch is up to date with 'origin/main'.

nothing to commit, working tree clean

Administrator@kim-thi MINGW64 /44_Le_Thi_kim_Thi_bai_tap (main)
$ git checkout
Your branch is up to date with 'origin/main'.

Administrator@kim-thi MINGW64 /44_Le_Thi_kim_Thi_bai_tap (main)
$ git checkout main
Already on 'main'
Your branch is up to date with 'origin/main'.

Administrator@kim-thi MINGW64 /44_Le_Thi_kim_Thi_bai_tap (main)
$ git checkout -b branch_1
Switched to a new branch 'branch_1'

Administrator@kim-thi MINGW64 /44_Le_Thi_kim_Thi_bai_tap (branch_1)
$ echo "Lorem ipsum dolor sit amet, consectetur adipiscing elit." > text_branch_1.txt

Administrator@kim-thi MINGW64 /44_Le_Thi_kim_Thi_bai_tap (branch_1)
$ git add text_branch_1.txt
warning: in the working copy of 'text_branch_1.txt', LF will be replaced by CRLF the next time Git touches it

Administrator@kim-thi MINGW64 /44_Le_Thi_kim_Thi_bai_tap (branch_1)
$ git commit -m "tao nhanh 1"
[branch_1 3d60975] tao nhanh 1
 1 file changed, 1 insertion(+)
 create mode 100644 text_branch_1.txt

Administrator@kim-thi MINGW64 /44_Le_Thi_kim_Thi_bai_tap (branch_1)
$ git push origin branch_1
Enumerating objects: 4, done.
Counting objects: 100% (4/4), done.
Delta compression using up to 8 threads
Compressing objects: 100% (3/3), done.
Writing objects: 100% (3/3), 344 bytes | 344.00 KiB/s, done.
Total 3 (delta 0), reused 0 (delta 0), pack-reused 0 (from 0)
remote:
remote: Create a pull request for 'branch_1' on GitHub by visiting:
remote:      https://github.com/kimthi03/44_Le_Thi_kim_Thi_bai_tap/pull/new/branch_1
remote:
To https://github.com/kimthi03/44_Le_Thi_kim_Thi_bai_tap.git
 * [new branch]      branch_1 -> branch_1

Administrator@kim-thi MINGW64 /44_Le_Thi_kim_Thi_bai_tap (branch_1)
$ git checkout main
Switched to branch 'main'
Your branch is up to date with 'origin/main'.

Administrator@kim-thi MINGW64 /44_Le_Thi_kim_Thi_bai_tap (main)
$ git checkout -b branch_2
Switched to a new branch 'branch_2'

Administrator@kim-thi MINGW64 /44_Le_Thi_kim_Thi_bai_tap (branch_2)
$ echo "Praesent ullamcorper orci eu erat placerat sodales." > text_branch_2.txt

Administrator@kim-thi MINGW64 /44_Le_Thi_kim_Thi_bai_tap (branch_2)
$ git add text_branch_2.txt
warning: in the working copy of 'text_branch_2.txt', LF will be replaced by CRLF the next time Git touches it

Administrator@kim-thi MINGW64 /44_Le_Thi_kim_Thi_bai_tap (branch_2)
$ git commit -m "tao nhanh 2"
[branch_2 6d27eb2] tao nhanh 2
 1 file changed, 1 insertion(+)
 create mode 100644 text_branch_2.txt

Administrator@kim-thi MINGW64 /44_Le_Thi_kim_Thi_bai_tap (branch_2)
$ git push origin branch_2
Enumerating objects: 4, done.
Counting objects: 100% (4/4), done.
Delta compression using up to 8 threads
Compressing objects: 100% (3/3), done.
Writing objects: 100% (3/3), 336 bytes | 336.00 KiB/s, done.
Total 3 (delta 0), reused 0 (delta 0), pack-reused 0 (from 0)
remote:
remote: Create a pull request for 'branch_2' on GitHub by visiting:
remote:      https://github.com/kimthi03/44_Le_Thi_kim_Thi_bai_tap/pull/new/branch_2
remote:
To https://github.com/kimthi03/44_Le_Thi_kim_Thi_bai_tap.git
 * [new branch]      branch_2 -> branch_2

Administrator@kim-thi MINGW64 /44_Le_Thi_kim_Thi_bai_tap (branch_2)
$ git checkout main
Switched to branch 'main'
Your branch is up to date with 'origin/main'.

Administrator@kim-thi MINGW64 /44_Le_Thi_kim_Thi_bai_tap (main)
$ git checkout -b branch_3
Switched to a new branch 'branch_3'

Administrator@kim-thi MINGW64 /44_Le_Thi_kim_Thi_bai_tap (branch_3)
$ echo "Integer sit amet nisi aliquam, tempor libero quis, cursus erat." > text_branch_3.txt

Administrator@kim-thi MINGW64 /44_Le_Thi_kim_Thi_bai_tap (branch_3)
$ git add text_branch_3.txt
warning: in the working copy of 'text_branch_3.txt', LF will be replaced by CRLF the next time Git touches it

Administrator@kim-thi MINGW64 /44_Le_Thi_kim_Thi_bai_tap (branch_3)
$ git commit -m "tao nhanh 3"
[branch_3 81ad3c6] tao nhanh 3
 1 file changed, 1 insertion(+)
 create mode 100644 text_branch_3.txt

Administrator@kim-thi MINGW64 /44_Le_Thi_kim_Thi_bai_tap (branch_3)
$ git push origin branch_3
Enumerating objects: 4, done.
Counting objects: 100% (4/4), done.
Delta compression using up to 8 threads
Compressing objects: 100% (3/3), done.
Writing objects: 100% (3/3), 346 bytes | 173.00 KiB/s, done.
Total 3 (delta 0), reused 0 (delta 0), pack-reused 0 (from 0)
remote:
remote: Create a pull request for 'branch_3' on GitHub by visiting:
remote:      https://github.com/kimthi03/44_Le_Thi_kim_Thi_bai_tap/pull/new/branch_3
remote:
To https://github.com/kimthi03/44_Le_Thi_kim_Thi_bai_tap.git
 * [new branch]      branch_3 -> branch_3

Administrator@kim-thi MINGW64 /44_Le_Thi_kim_Thi_bai_tap (branch_3)
$ git checkout main
Switched to branch 'main'
Your branch is up to date with 'origin/main'.

Administrator@kim-thi MINGW64 /44_Le_Thi_kim_Thi_bai_tap (main)
$ git checkout -b branch_4
Switched to a new branch 'branch_4'

Administrator@kim-thi MINGW64 /44_Le_Thi_kim_Thi_bai_tap (branch_4)
$ echo "Cras ac mi nec nisi porta ultrices sed non ante." > text_branch_4.txt

Administrator@kim-thi MINGW64 /44_Le_Thi_kim_Thi_bai_tap (branch_4)
$ git add text_branch_4.txt
warning: in the working copy of 'text_branch_4.txt', LF will be replaced by CRLF the next time Git touches it

Administrator@kim-thi MINGW64 /44_Le_Thi_kim_Thi_bai_tap (branch_4)
$ git commit -m "tao nhanh 4"
[branch_4 aa3548d] tao nhanh 4
 1 file changed, 1 insertion(+)
 create mode 100644 text_branch_4.txt

Administrator@kim-thi MINGW64 /44_Le_Thi_kim_Thi_bai_tap (branch_4)
$ git push origin branch_4
Enumerating objects: 4, done.
Counting objects: 100% (4/4), done.
Delta compression using up to 8 threads
Compressing objects: 100% (2/2), done.
Writing objects: 100% (3/3), 336 bytes | 336.00 KiB/s, done.
Total 3 (delta 0), reused 0 (delta 0), pack-reused 0 (from 0)
remote:
remote: Create a pull request for 'branch_4' on GitHub by visiting:
remote:      https://github.com/kimthi03/44_Le_Thi_kim_Thi_bai_tap/pull/new/branch_4
remote:
To https://github.com/kimthi03/44_Le_Thi_kim_Thi_bai_tap.git
 * [new branch]      branch_4 -> branch_4

Administrator@kim-thi MINGW64 /44_Le_Thi_kim_Thi_bai_tap (branch_4)
$ git checkout main
Switched to branch 'main'
Your branch is up to date with 'origin/main'.

Administrator@kim-thi MINGW64 /44_Le_Thi_kim_Thi_bai_tap (main)
$ mkdir main_folder

Administrator@kim-thi MINGW64 /44_Le_Thi_kim_Thi_bai_tap (main)
$ cd main_folder

Administrator@kim-thi MINGW64 /44_Le_Thi_kim_Thi_bai_tap/main_folder (main)
$ echo "noi dung file 1" > main_txt_1.txt

Administrator@kim-thi MINGW64 /44_Le_Thi_kim_Thi_bai_tap/main_folder (main)
$ echo "noi dung file 2" > main_txt_2.txt

Administrator@kim-thi MINGW64 /44_Le_Thi_kim_Thi_bai_tap/main_folder (main)
$ echo "noi dung file 3" > main_txt_3.txt

Administrator@kim-thi MINGW64 /44_Le_Thi_kim_Thi_bai_tap/main_folder (main)
$ cd ..

Administrator@kim-thi MINGW64 /44_Le_Thi_kim_Thi_bai_tap (main)
$ git add main_folder/
warning: in the working copy of 'main_folder/main_txt_1.txt', LF will be replaced by CRLF the next time Git touches it
warning: in the working copy of 'main_folder/main_txt_2.txt', LF will be replaced by CRLF the next time Git touches it
warning: in the working copy of 'main_folder/main_txt_3.txt', LF will be replaced by CRLF the next time Git touches it

Administrator@kim-thi MINGW64 /44_Le_Thi_kim_Thi_bai_tap (main)
$ git commit -m "tao thu muc main_folder"
[main a95da31] tao thu muc main_folder
 3 files changed, 3 insertions(+)
 create mode 100644 main_folder/main_txt_1.txt
 create mode 100644 main_folder/main_txt_2.txt
 create mode 100644 main_folder/main_txt_3.txt

Administrator@kim-thi MINGW64 /44_Le_Thi_kim_Thi_bai_tap (main)
$ git push origin main
Enumerating objects: 7, done.
Counting objects: 100% (7/7), done.
Delta compression using up to 8 threads
Compressing objects: 100% (3/3), done.
Writing objects: 100% (6/6), 467 bytes | 467.00 KiB/s, done.
Total 6 (delta 0), reused 0 (delta 0), pack-reused 0 (from 0)
To https://github.com/kimthi03/44_Le_Thi_kim_Thi_bai_tap.git
   234d053..a95da31  main -> main

Administrator@kim-thi MINGW64 /44_Le_Thi_kim_Thi_bai_tap (main)
$ git pull
Already up to date.

Administrator@kim-thi MINGW64 /44_Le_Thi_kim_Thi_bai_tap (main)
$ git checkout -b branch_1
fatal: a branch named 'branch_1' already exists

Administrator@kim-thi MINGW64 /44_Le_Thi_kim_Thi_bai_tap (main)
$ git checkout branch_1
Switched to branch 'branch_1'

Administrator@kim-thi MINGW64 /44_Le_Thi_kim_Thi_bai_tap (branch_1)
$ git checkout -b branch_5
Switched to a new branch 'branch_5'

Administrator@kim-thi MINGW64 /44_Le_Thi_kim_Thi_bai_tap (branch_5)
$ echo "Etiam malesuada felis nulla, ac porta dui sollicitudin eget. Mauris hendrerit non
metus eget pellentesque. Etiam ornare ante at pretium hendrerit. Proin molestie
accumsan sapien, ac finibus libero lobortis quis. Praesent ac commodo eros.
Nullam malesuada v el dui nec feugiat. Cras justo ipsum, scelerisque et elit vitae,
porttitor tristique turpis. Nam ut hendrerit est. Nulla sed tincidunt nibh. Class
aptent taciti sociosqu ad litora torquent per conubia nostra, per inceptos
himenaeos. Quisque vitae egestas lacus. Phasellus turpis ante, euismod quis
pellentesque et, pharetra id ligula. Vestibulum mattis sem ac ligula auctor viverra.
Phasellus dignissim mollis leo, vitae tristique enim." > text_branch_1.txt

Administrator@kim-thi MINGW64 /44_Le_Thi_kim_Thi_bai_tap (branch_5)
$ git add text_branch_1.txt
warning: in the working copy of 'text_branch_1.txt', LF will be replaced by CRLF the next time Git touches it

Administrator@kim-thi MINGW64 /44_Le_Thi_kim_Thi_bai_tap (branch_5)
$ git commit -m "tao nhanh 5"
[branch_5 aeb1c40] tao nhanh 5
 1 file changed, 9 insertions(+), 1 deletion(-)

Administrator@kim-thi MINGW64 /44_Le_Thi_kim_Thi_bai_tap (branch_5)
$ git push origin branch_5
Enumerating objects: 5, done.
Counting objects: 100% (5/5), done.
Delta compression using up to 8 threads
Compressing objects: 100% (3/3), done.
Writing objects: 100% (3/3), 673 bytes | 673.00 KiB/s, done.
Total 3 (delta 0), reused 0 (delta 0), pack-reused 0 (from 0)
remote:
remote: Create a pull request for 'branch_5' on GitHub by visiting:
remote:      https://github.com/kimthi03/44_Le_Thi_kim_Thi_bai_tap/pull/new/branch_5
remote:
To https://github.com/kimthi03/44_Le_Thi_kim_Thi_bai_tap.git
 * [new branch]      branch_5 -> branch_5

Administrator@kim-thi MINGW64 /44_Le_Thi_kim_Thi_bai_tap (branch_5)
$ git branch -l
  branch_1
  branch_2
  branch_3
  branch_4
* branch_5
  main

Administrator@kim-thi MINGW64 /44_Le_Thi_kim_Thi_bai_tap (branch_5)
$ git branch -d branch_4
error: the branch 'branch_4' is not fully merged
hint: If you are sure you want to delete it, run 'git branch -D branch_4'
hint: Disable this message with "git config set advice.forceDeleteBranch false"

Administrator@kim-thi MINGW64 /44_Le_Thi_kim_Thi_bai_tap (branch_5)
$ git checkout main
Switched to branch 'main'
Your branch is up to date with 'origin/main'.

Administrator@kim-thi MINGW64 /44_Le_Thi_kim_Thi_bai_tap (main)
$ git branch branch_4
fatal: a branch named 'branch_4' already exists

Administrator@kim-thi MINGW64 /44_Le_Thi_kim_Thi_bai_tap (main)
$ git branch -d branch_4
error: the branch 'branch_4' is not fully merged
hint: If you are sure you want to delete it, run 'git branch -D branch_4'
hint: Disable this message with "git config set advice.forceDeleteBranch false"

Administrator@kim-thi MINGW64 /44_Le_Thi_kim_Thi_bai_tap (main)
$ git branch -D branch_4
Deleted branch branch_4 (was aa3548d).

Administrator@kim-thi MINGW64 /44_Le_Thi_kim_Thi_bai_tap (main)
$ git push origin --d branch_4
error: ambiguous option: d (could be --delete or --dry-run)
usage: git push [<options>] [<repository> [<refspec>...]]

    -v, --[no-]verbose    be more verbose
    -q, --[no-]quiet      be more quiet
    --[no-]repo <repository>
                          repository
    --[no-]all            push all branches
    --[no-]branches       alias of --all
    --[no-]mirror         mirror all refs
    -d, --[no-]delete     delete refs
    --[no-]tags           push tags (can't be used with --all or --branches or --mirror)
    -n, --[no-]dry-run    dry run
    --[no-]porcelain      machine-readable output
    -f, --[no-]force      force updates
    --[no-]force-with-lease[=<refname>:<expect>]
                          require old value of ref to be at this value
    --[no-]force-if-includes
                          require remote updates to be integrated locally
    --[no-]recurse-submodules (check|on-demand|no)
                          control recursive pushing of submodules
    --[no-]thin           use thin pack
    --[no-]receive-pack <receive-pack>
                          receive pack program
    --[no-]exec <receive-pack>
                          receive pack program
    -u, --[no-]set-upstream
                          set upstream for git pull/status
    --[no-]progress       force progress reporting
    --[no-]prune          prune locally removed refs
    --no-verify           bypass pre-push hook
    --verify              opposite of --no-verify
    --[no-]follow-tags    push missing but relevant tags
    --[no-]signed[=(yes|no|if-asked)]
                          GPG sign the push
    --[no-]atomic         request atomic transaction on remote side
    -o, --[no-]push-option <server-specific>
                          option to transmit
    -4, --ipv4            use IPv4 addresses only
    -6, --ipv6            use IPv6 addresses only


Administrator@kim-thi MINGW64 /44_Le_Thi_kim_Thi_bai_tap (main)
$ git branch -l
  branch_1
  branch_2
  branch_3
  branch_5
* main

Administrator@kim-thi MINGW64 /44_Le_Thi_kim_Thi_bai_tap (main)
$ git pull
remote: Enumerating objects: 1, done.
remote: Counting objects: 100% (1/1), done.
remote: Total 1 (delta 0), reused 0 (delta 0), pack-reused 0 (from 0)
Unpacking objects: 100% (1/1), 903 bytes | 180.00 KiB/s, done.
From https://github.com/kimthi03/44_Le_Thi_kim_Thi_bai_tap
   3d60975..9034c1f  branch_1   -> origin/branch_1
Already up to date.

Administrator@kim-thi MINGW64 /44_Le_Thi_kim_Thi_bai_tap (main)
$ git branch -d branch_5
error: the branch 'branch_5' is not fully merged
hint: If you are sure you want to delete it, run 'git branch -D branch_5'
hint: Disable this message with "git config set advice.forceDeleteBranch false"

Administrator@kim-thi MINGW64 /44_Le_Thi_kim_Thi_bai_tap (main)
$ git branch -D branch_5
Deleted branch branch_5 (was aeb1c40).

Administrator@kim-thi MINGW64 /44_Le_Thi_kim_Thi_bai_tap (main)
$ git push origin --d branch_5
error: ambiguous option: d (could be --delete or --dry-run)
usage: git push [<options>] [<repository> [<refspec>...]]

    -v, --[no-]verbose    be more verbose
    -q, --[no-]quiet      be more quiet
    --[no-]repo <repository>
                          repository
    --[no-]all            push all branches
    --[no-]branches       alias of --all
    --[no-]mirror         mirror all refs
    -d, --[no-]delete     delete refs
    --[no-]tags           push tags (can't be used with --all or --branches or --mirror)
    -n, --[no-]dry-run    dry run
    --[no-]porcelain      machine-readable output
    -f, --[no-]force      force updates
    --[no-]force-with-lease[=<refname>:<expect>]
                          require old value of ref to be at this value
    --[no-]force-if-includes
                          require remote updates to be integrated locally
    --[no-]recurse-submodules (check|on-demand|no)
                          control recursive pushing of submodules
    --[no-]thin           use thin pack
    --[no-]receive-pack <receive-pack>
                          receive pack program
    --[no-]exec <receive-pack>
                          receive pack program
    -u, --[no-]set-upstream
                          set upstream for git pull/status
    --[no-]progress       force progress reporting
    --[no-]prune          prune locally removed refs
    --no-verify           bypass pre-push hook
    --verify              opposite of --no-verify
    --[no-]follow-tags    push missing but relevant tags
    --[no-]signed[=(yes|no|if-asked)]
                          GPG sign the push
    --[no-]atomic         request atomic transaction on remote side
    -o, --[no-]push-option <server-specific>
                          option to transmit
    -4, --ipv4            use IPv4 addresses only
    -6, --ipv6            use IPv6 addresses only


Administrator@kim-thi MINGW64 /44_Le_Thi_kim_Thi_bai_tap (main)
$ git checkout main
Already on 'main'
Your branch is up to date with 'origin/main'.

Administrator@kim-thi MINGW64 /44_Le_Thi_kim_Thi_bai_tap (main)
$ git branch -l
  branch_1
  branch_2
  branch_3
* main

Administrator@kim-thi MINGW64 /44_Le_Thi_kim_Thi_bai_tap (main)
$ git branch -d branch_2
error: the branch 'branch_2' is not fully merged
hint: If you are sure you want to delete it, run 'git branch -D branch_2'
hint: Disable this message with "git config set advice.forceDeleteBranch false"

Administrator@kim-thi MINGW64 /44_Le_Thi_kim_Thi_bai_tap (main)
$ git branch -D branch_2
Deleted branch branch_2 (was 6d27eb2).

Administrator@kim-thi MINGW64 /44_Le_Thi_kim_Thi_bai_tap (main)
$ git branch -D branch_3
Deleted branch branch_3 (was 81ad3c6).

Administrator@kim-thi MINGW64 /44_Le_Thi_kim_Thi_bai_tap (main)
$ git branch -D branch_4
error: branch 'branch_4' not found

Administrator@kim-thi MINGW64 /44_Le_Thi_kim_Thi_bai_tap (main)
$ git push origin -d
fatal: --delete doesn't make sense without any refs

Administrator@kim-thi MINGW64 /44_Le_Thi_kim_Thi_bai_tap (main)
$ git push origin --d
error: ambiguous option: d (could be --delete or --dry-run)
usage: git push [<options>] [<repository> [<refspec>...]]

    -v, --[no-]verbose    be more verbose
    -q, --[no-]quiet      be more quiet
    --[no-]repo <repository>
                          repository
    --[no-]all            push all branches
    --[no-]branches       alias of --all
    --[no-]mirror         mirror all refs
    -d, --[no-]delete     delete refs
    --[no-]tags           push tags (can't be used with --all or --branches or --mirror)
    -n, --[no-]dry-run    dry run
    --[no-]porcelain      machine-readable output
    -f, --[no-]force      force updates
    --[no-]force-with-lease[=<refname>:<expect>]
                          require old value of ref to be at this value
    --[no-]force-if-includes
                          require remote updates to be integrated locally
    --[no-]recurse-submodules (check|on-demand|no)
                          control recursive pushing of submodules
    --[no-]thin           use thin pack
    --[no-]receive-pack <receive-pack>
                          receive pack program
    --[no-]exec <receive-pack>
                          receive pack program
    -u, --[no-]set-upstream
                          set upstream for git pull/status
    --[no-]progress       force progress reporting
    --[no-]prune          prune locally removed refs
    --no-verify           bypass pre-push hook
    --verify              opposite of --no-verify
    --[no-]follow-tags    push missing but relevant tags
    --[no-]signed[=(yes|no|if-asked)]
                          GPG sign the push
    --[no-]atomic         request atomic transaction on remote side
    -o, --[no-]push-option <server-specific>
                          option to transmit
    -4, --ipv4            use IPv4 addresses only
    -6, --ipv6            use IPv6 addresses only


Administrator@kim-thi MINGW64 /44_Le_Thi_kim_Thi_bai_tap (main)
$ git pull
remote: Enumerating objects: 13, done.
remote: Counting objects: 100% (13/13), done.
remote: Compressing objects: 100% (8/8), done.
remote: Total 8 (delta 3), reused 0 (delta 0), pack-reused 0 (from 0)
Unpacking objects: 100% (8/8), 3.74 KiB | 76.00 KiB/s, done.
From https://github.com/kimthi03/44_Le_Thi_kim_Thi_bai_tap
   a95da31..ff02d7e  main       -> origin/main
Updating a95da31..ff02d7e
Fast-forward
 text_branch_1.txt | 9 +++++++++
 text_branch_2.txt | 1 +
 text_branch_3.txt | 1 +
 text_branch_4.txt | 1 +
 4 files changed, 12 insertions(+)
 create mode 100644 text_branch_1.txt
 create mode 100644 text_branch_2.txt
 create mode 100644 text_branch_3.txt
 create mode 100644 text_branch_4.txt

Administrator@kim-thi MINGW64 /44_Le_Thi_kim_Thi_bai_tap (main)
$ git push
Everything up-to-date

Administrator@kim-thi MINGW64 /44_Le_Thi_kim_Thi_bai_tap (main)
$
